[dotenv@17.2.3] injecting env (1) from .env -- tip: ≡ƒ¢á∩╕Å  run anywhere with `dotenvx run -- yourcommand`
Testing input: "Show me a bar chart of 2024 sales and a photo of a happy teacher."
[32m[Nest] 20348  - [39m01/31/2026, 6:01:54 PM [32m    LOG[39m [38;5;3m[ImageRouterService] [39m[32mClassifying content: "Show me a bar chart of 2024 sales and a photo of a happy teacher."[39m
node.exe : DEBUG: Full error details: 
GoogleGenerativeAIFetchError: 
[GoogleGenerativeAI Error]: Error 
fetching from https://generativelanguage.g
oogleapis.com/v1beta/models/gemini-1.5-fla
sh:generateContent: [404 Not Found] 
models/gemini-1.5-flash is not found for 
API version v1beta, or is not supported 
for generateContent. Call ListModels to 
see the list of available models and 
their supported methods.
At line:1 char:1
+ & "d:\Program Files\nodejs/node.exe" 
"d:\Program Files\nodejs/node_mo ...
+ ~~~~~~~~~~~~~~~~~~~~~~~~~~~~~~~~~~~~~~~~
~~~~~~~~~~~~~~~~~~~~~~~~~~~~~
    + CategoryInfo          : NotSpecifie 
   d: (DEBUG: Full err...ported methods.  
  :String) [], RemoteException
    + FullyQualifiedErrorId : NativeComma 
   ndError
 
    at handleResponseNotOk 
(D:\visualization  project\node_modules\@g
oogle\generative-ai\dist\index.js:434:11)
    at processTicksAndRejections 
(node:internal/process/task_queues:103:5)
    at async makeRequest 
(D:\visualization  project\node_modules\@g
oogle\generative-ai\dist\index.js:403:9)
    at async generateContent 
(D:\visualization  project\node_modules\@g
oogle\generative-ai\dist\index.js:867:22)
    at async ImageRouterService.classify 
(D:\visualization  project\src\image-gen\i
mage-router.service.ts:55:28)
    at async runTest (D:\visualization  
project\test-router.ts:20:23) {
  status: 404,
  statusText: 'Not Found',
  errorDetails: undefined
}
[31m[Nest] 20348  - [39m01/31/2026, 
6:01:54 PM [31m  ERROR[39m 
[38;5;3m[ImageRouterService] 
[39m[31mFailed to classify or parse 
image tasks[39m
[31m[Nest] 20348  - [39m01/31/2026, 
6:01:54 PM [31m  ERROR[39m 
[38;5;3m[ImageRouterService] 
[39m[31mError: [GoogleGenerativeAI 
Error]: Error fetching from https://genera
tivelanguage.googleapis.com/v1beta/models/
gemini-1.5-flash:generateContent: [404 
Not Found] models/gemini-1.5-flash is not 
found for API version v1beta, or is not 
supported for generateContent. Call 
ListModels to see the list of available 
models and their supported methods.[39m
Test Failed with Error: 
InternalServerErrorException: Failed to 
process image tasks
    at ImageRouterService.classify 
(D:\visualization  project\src\image-gen\i
mage-router.service.ts:75:19)
    at processTicksAndRejections 
(node:internal/process/task_queues:103:5)
    at async runTest (D:\visualization  
project\test-router.ts:20:23) {
  response: {
    message: 'Failed to process image 
tasks',
    error: 'Internal Server Error',
    statusCode: 500
  },
  status: 500,
  options: {}
}
